[CHECK] identical to Exp 8 (streams x policies): {'spike9': 640, 'fft7': 640, 'spike_rf4': 640, 'fft_spec': 640}; coded frames: {'spike9': 480, 'fft7': 480} of 480

==============================================================================================================
LINK STREAMS — words touching the tone+pulse segment; routers trained on single jammers only
==============================================================================================================

--- fixed ---
router        policy            BLER tone+pulse % [CI95]         BLER other % | NB+PL blocks ALE/pass | held-out act% NB+PL->ALE%
spike9        current_periodic              16.00 [ 13.0, 19.3]         0.00 | 100.0/  0.0        |  98.9     96
fft7          current_periodic              67.18 [ 64.1, 70.2]         0.00 |  10.4/ 89.6        | 100.0      9
spike_rf4     current_periodic              16.24 [ 13.3, 19.5]         0.00 | 100.0/  0.0        |  92.2     99
spike_rf4     refresh_guard8                16.12 [ 13.2, 19.3]         0.00 | 100.0/  0.0        |  92.2     99
spike_rf4     rescue_guard8                 22.94 [ 19.6, 26.7]         0.00 |  93.8/  6.2        |  92.2     99
fft_spec      current_periodic              56.24 [ 51.8, 60.7]         0.00 |  28.3/ 71.7        | 100.0     21
fft_rf4       current_periodic              61.76 [ 57.8, 65.8]         0.08 |  17.8/ 82.2        |  93.4      9
fft_rf4       refresh_guard8                62.12 [ 58.1, 66.1]         0.15 |  17.9/ 82.1        |  93.4      9
fft_rf4       rescue_guard8                 57.76 [ 53.9, 61.6]         0.15 |  21.8/ 78.2        |  93.4      9
fft_rf4_sf20  current_periodic              69.41 [ 65.8, 72.7]         0.00 |   5.4/ 94.6        |  99.8      7
fft_rf4_sf20  refresh_guard8                69.53 [ 65.9, 72.8]         0.00 |   5.5/ 94.5        |  99.8      7
fft_rf4_sf20  rescue_guard8                 65.06 [ 61.6, 68.3]         0.00 |   9.3/ 90.6        |  99.8      7
  paired differences (pp), same streams and words:
    fft_rf4 - spike_rf4         current_periodic  tone+pulse words +45.53 [+41.05,+49.71]   other words  +0.08 [ +0.00, +0.15]
    fft_rf4 - spike_rf4         refresh_guard8    tone+pulse words +46.00 [+41.50,+50.30]   other words  +0.15 [ +0.00, +0.34]
    fft_rf4 - spike_rf4         rescue_guard8     tone+pulse words +34.82 [+30.60,+38.98]   other words  +0.15 [ +0.00, +0.34]
    fft_rf4_sf20 - spike_rf4    current_periodic  tone+pulse words +53.18 [+48.58,+57.42]   other words  +0.00 [ +0.00, +0.00]
    fft_rf4_sf20 - spike_rf4    refresh_guard8    tone+pulse words +53.41 [+48.89,+57.70]   other words  +0.00 [ +0.00, +0.00]
    fft_rf4_sf20 - spike_rf4    rescue_guard8     tone+pulse words +42.12 [+37.50,+46.44]   other words  +0.00 [ +0.00, +0.00]
    spike_rf4 - spike9          current_periodic  tone+pulse words  +0.24 [ +0.00, +0.59]   other words  +0.00 [ +0.00, +0.00]
    fft_rf4 - fft7              current_periodic  tone+pulse words  -5.41 [ -8.80, -2.12]   other words  +0.08 [ +0.00, +0.15]

--- random ---
router        policy            BLER tone+pulse % [CI95]         BLER other % | NB+PL blocks ALE/pass | held-out act% NB+PL->ALE%
spike9        current_periodic              43.84 [ 40.2, 47.3]         0.97 |  91.1/  8.9        |  83.7     89
fft7          current_periodic              66.35 [ 63.1, 69.6]         0.19 |   2.6/ 97.4        |  93.4      7
spike_rf4     current_periodic              43.96 [ 40.2, 47.6]         0.62 |  89.9/ 10.1        |  79.7     92
spike_rf4     refresh_guard8                43.72 [ 39.7, 47.4]         0.74 |  89.9/ 10.1        |  79.7     92
spike_rf4     rescue_guard8                 44.43 [ 40.6, 48.2]         0.62 |  82.5/ 17.5        |  79.7     92
fft_spec      current_periodic              62.80 [ 59.2, 66.4]         0.77 |  14.8/ 85.2        |  93.7     24
fft_rf4       current_periodic              63.03 [ 59.3, 66.7]         1.05 |  16.8/ 83.2        |  73.5     26
fft_rf4       refresh_guard8                61.85 [ 58.0, 65.5]         1.01 |  21.9/ 78.1        |  73.5     26
fft_rf4       rescue_guard8                 58.41 [ 54.8, 62.0]         0.93 |  25.0/ 75.0        |  73.5     26
fft_rf4_sf20  current_periodic              64.81 [ 61.4, 68.3]         0.54 |  14.9/ 85.1        |  86.0     23
fft_rf4_sf20  refresh_guard8                63.03 [ 59.4, 66.6]         0.43 |  19.6/ 80.4        |  86.0     23
fft_rf4_sf20  rescue_guard8                 59.12 [ 55.6, 62.6]         0.31 |  22.3/ 77.7        |  86.0     23
  paired differences (pp), same streams and words:
    fft_rf4 - spike_rf4         current_periodic  tone+pulse words +19.08 [+16.03,+22.22]   other words  +0.43 [ -0.15, +1.08]
    fft_rf4 - spike_rf4         refresh_guard8    tone+pulse words +18.13 [+14.92,+21.67]   other words  +0.27 [ -0.35, +0.93]
    fft_rf4 - spike_rf4         rescue_guard8     tone+pulse words +13.98 [+11.11,+17.02]   other words  +0.31 [ -0.27, +0.93]
    fft_rf4_sf20 - spike_rf4    current_periodic  tone+pulse words +20.85 [+17.92,+23.96]   other words  -0.08 [ -0.42, +0.23]
    fft_rf4_sf20 - spike_rf4    refresh_guard8    tone+pulse words +19.31 [+16.25,+22.55]   other words  -0.31 [ -0.78, +0.08]
    fft_rf4_sf20 - spike_rf4    rescue_guard8     tone+pulse words +14.69 [+11.81,+17.64]   other words  -0.31 [ -0.67, +0.00]
    spike_rf4 - spike9          current_periodic  tone+pulse words  +0.12 [ -1.05, +1.20]   other words  -0.35 [ -0.66, +0.00]
    fft_rf4 - fft7              current_periodic  tone+pulse words  -3.32 [ -5.02, -1.65]   other words  +0.85 [ +0.42, +1.40]

==============================================================================================================
CODED FRAMES — C5 unseen compounds (BLER %, regret to the forced-action oracle) and C3 tone sweep (blocks to ALE %)
==============================================================================================================
  fixed  narrowband+pulse       oracle  19.1 | spike9  19.1  fft7  92.1  spike_rf4  19.1  fft_rf4  85.8  fft_rf4_sf20  92.9 | fft_rf4 - spike_rf4 +66.7 pp [+51.1,+82.0]
  fixed  sweep+pulse            oracle   9.8 | spike9  20.8  fft7  84.2  spike_rf4  24.2  fft_rf4  77.0  fft_rf4_sf20  82.6 | fft_rf4 - spike_rf4 +52.8 pp [+40.0,+66.4]
  fixed  broadband+narrowband   oracle 100.0 | spike9 100.0  fft7 100.0  spike_rf4 100.0  fft_rf4 100.0  fft_rf4_sf20 100.0 | fft_rf4 - spike_rf4 +0.0 pp [+0.0,+0.0]
  fixed  narrowband+sweep       oracle   0.0 | spike9   0.8  fft7   1.9  spike_rf4   8.3  fft_rf4  14.0  fft_rf4_sf20   8.0 | fft_rf4 - spike_rf4 +5.7 pp [-3.9,+16.2]
  fixed  broadband+pulse        oracle 100.0 | spike9 100.0  fft7 100.0  spike_rf4 100.0  fft_rf4 100.0  fft_rf4_sf20 100.0 | fft_rf4 - spike_rf4 +0.0 pp [+0.0,+0.0]
  random narrowband+pulse       oracle  46.4 | spike9  60.5  fft7  80.1  spike_rf4  57.5  fft_rf4  75.5  fft_rf4_sf20  76.6 | fft_rf4 - spike_rf4 +18.0 pp [+6.8,+30.9]
  random sweep+pulse            oracle  54.6 | spike9  58.0  fft7  81.3  spike_rf4  58.8  fft_rf4  77.5  fft_rf4_sf20  71.0 | fft_rf4 - spike_rf4 +18.7 pp [+5.4,+31.7]
  random broadband+narrowband   oracle  99.6 | spike9 100.0  fft7  99.6  spike_rf4 100.0  fft_rf4  99.6  fft_rf4_sf20  99.6 | fft_rf4 - spike_rf4 -0.4 pp [-1.1,+0.0]
  random narrowband+sweep       oracle   0.0 | spike9   7.6  fft7   0.0  spike_rf4   7.6  fft_rf4   0.0  fft_rf4_sf20   0.0 | fft_rf4 - spike_rf4 -7.6 pp [-15.2,-1.9]
  random broadband+pulse        oracle 100.0 | spike9 100.0  fft7 100.0  spike_rf4 100.0  fft_rf4 100.0  fft_rf4_sf20 100.0 | fft_rf4 - spike_rf4 +0.0 pp [+0.0,+0.0]
  fixed  tone  -6 dB  saturation 0.17 | to ALE % spike9  70.2  fft7   0.5  spike_rf4  82.0  fft_rf4  20.2  fft_rf4_sf20  16.8
  fixed  tone  -3 dB  saturation 0.26 | to ALE % spike9  39.2  fft7   0.0  spike_rf4  86.2  fft_rf4   7.2  fft_rf4_sf20  65.2
  fixed  tone  +0 dB  saturation 0.47 | to ALE % spike9  81.0  fft7   0.0  spike_rf4  97.8  fft_rf4   0.0  fft_rf4_sf20   1.5
  fixed  tone  +3 dB  saturation 0.73 | to ALE % spike9 100.0  fft7   0.0  spike_rf4 100.0  fft_rf4   0.0  fft_rf4_sf20   0.0
  fixed  tone  +6 dB  saturation 0.83 | to ALE % spike9 100.0  fft7   0.0  spike_rf4 100.0  fft_rf4   0.0  fft_rf4_sf20   0.0
  fixed  tone  +9 dB  saturation 0.90 | to ALE % spike9 100.0  fft7   0.0  spike_rf4 100.0  fft_rf4   0.0  fft_rf4_sf20   0.0
  fixed  tone +12 dB  saturation 0.91 | to ALE % spike9 100.0  fft7   0.0  spike_rf4 100.0  fft_rf4   0.0  fft_rf4_sf20   0.0
  fixed  tone +15 dB  saturation 0.92 | to ALE % spike9 100.0  fft7   0.2  spike_rf4 100.0  fft_rf4   0.0  fft_rf4_sf20   0.0
  fixed  tone +18 dB  saturation 0.94 | to ALE % spike9 100.0  fft7   0.0  spike_rf4 100.0  fft_rf4   0.2  fft_rf4_sf20   0.0
  random tone  -6 dB  saturation 0.15 | to ALE % spike9   3.8  fft7  68.2  spike_rf4  38.2  fft_rf4  92.8  fft_rf4_sf20  40.5
  random tone  -3 dB  saturation 0.24 | to ALE % spike9  16.8  fft7   0.0  spike_rf4  36.0  fft_rf4  22.2  fft_rf4_sf20   8.0
  random tone  +0 dB  saturation 0.53 | to ALE % spike9  68.0  fft7   0.0  spike_rf4  89.0  fft_rf4   0.5  fft_rf4_sf20   3.0
  random tone  +3 dB  saturation 0.64 | to ALE % spike9  81.0  fft7   0.0  spike_rf4  82.8  fft_rf4   0.0  fft_rf4_sf20   6.0
  random tone  +6 dB  saturation 0.80 | to ALE % spike9  90.0  fft7   0.0  spike_rf4  90.2  fft_rf4   0.0  fft_rf4_sf20  15.0
  random tone  +9 dB  saturation 0.82 | to ALE % spike9  83.0  fft7   0.0  spike_rf4  81.5  fft_rf4   2.5  fft_rf4_sf20  23.2
  random tone +12 dB  saturation 0.90 | to ALE % spike9  97.5  fft7   0.0  spike_rf4  97.0  fft_rf4   0.0  fft_rf4_sf20  44.0
  random tone +15 dB  saturation 0.94 | to ALE % spike9  98.2  fft7   0.0  spike_rf4  95.0  fft_rf4   0.0  fft_rf4_sf20  33.5
  random tone +18 dB  saturation 0.95 | to ALE % spike9 100.0  fft7   0.0  spike_rf4  99.5  fft_rf4   0.0  fft_rf4_sf20  57.8

[8b DONE] results/experiments/rf_counterpart/summary.json  elapsed 23.1 min
